// Jest Snapshot v1, https://goo.gl/fbAQLP

exports[`Update Cypress Config Properties should add a property 1`] = `
"import { defineConfig } from 'cypress';
import { componentDevServer } from '@nrwl/cypress/plugins/next';
export default defineConfig({
    blah: 'i am a top level property',
    baseUrl: 'http://localhost:1234',
    component: {
        devServer: componentDevServer('tsconfig.cy.json', 'babel'),
        pluginsFile: false,
        video: true,
        chromeWebSecurity: false,
        fixturesFolder: 'cypress/fixtures/cool',
        specPattern: '**/*.cy.{js,jsx,ts,tsx}',
        supportFile: 'cypress/support/component.ts',
        videosFolder: '../../dist/cypress/apps/n/videos',
        screenshotsFolder: '../../dist/cypress/apps/n/screenshots',
        blah: 'i am a random property'
    },
    e2e: {
        fileServerFolder: '.',
        fixturesFolder: './src/fixtures',
        integrationFolder: './src/e2e',
        supportFile: './src/support/e2e.ts',
        specPattern: '**/*.cy.{js,ts}',
        pluginsFile: false,
        video: false,
        videosFolder: '../../dist/cypress/apps/myapp4299814-e2e/videos',
        screenshotsFolder: '../../dist/cypress/apps/myapp4299814-e2e/screenshots',
        chromeWebSecurity: false,
    }
});
"
`;
